SEGGER_SYSVIEW.c:360:12:_EncodeData	32	static
SEGGER_SYSVIEW.c:396:12:_EncodeStr	32	static
SEGGER_SYSVIEW.c:455:12:_PreparePacket	16	static
SEGGER_SYSVIEW.c:473:13:_HandleIncomingPacket	16	static
SEGGER_SYSVIEW.c:543:12:_TrySendOverflowPacket	56	static
SEGGER_SYSVIEW.c:653:13:_SendPacket	48	static
SEGGER_SYSVIEW.c:816:13:_APrintHost	64	static
SEGGER_SYSVIEW.c:846:13:_VPrintHost	96	static
SEGGER_SYSVIEW.c:881:13:_StoreChar	48	static
SEGGER_SYSVIEW.c:926:13:_PrintUnsigned	48	static
SEGGER_SYSVIEW.c:1041:13:_PrintInt	40	static
SEGGER_SYSVIEW.c:1135:13:_VPrintTarget	104	static
SEGGER_SYSVIEW.c:1345:6:SEGGER_SYSVIEW_Init	32	static
SEGGER_SYSVIEW.c:1409:6:SEGGER_SYSVIEW_SetRAMBase	16	static
SEGGER_SYSVIEW.c:1424:6:SEGGER_SYSVIEW_RecordVoid	24	static
SEGGER_SYSVIEW.c:1445:6:SEGGER_SYSVIEW_RecordU32	40	static
SEGGER_SYSVIEW.c:1469:6:SEGGER_SYSVIEW_RecordU32x2	56	static
SEGGER_SYSVIEW.c:1495:6:SEGGER_SYSVIEW_RecordU32x3	64	static
SEGGER_SYSVIEW.c:1523:6:SEGGER_SYSVIEW_RecordU32x4	72	static
SEGGER_SYSVIEW.c:1553:6:SEGGER_SYSVIEW_RecordU32x5	80	static
SEGGER_SYSVIEW.c:1585:6:SEGGER_SYSVIEW_RecordU32x6	88	static
SEGGER_SYSVIEW.c:1619:6:SEGGER_SYSVIEW_RecordU32x7	96	static
SEGGER_SYSVIEW.c:1656:6:SEGGER_SYSVIEW_RecordU32x8	104	static
SEGGER_SYSVIEW.c:1695:6:SEGGER_SYSVIEW_RecordU32x9	112	static
SEGGER_SYSVIEW.c:1736:6:SEGGER_SYSVIEW_RecordU32x10	120	static
SEGGER_SYSVIEW.c:1782:6:SEGGER_SYSVIEW_RecordString	32	static
SEGGER_SYSVIEW.c:1812:6:SEGGER_SYSVIEW_Start	56	static
SEGGER_SYSVIEW.c:1861:6:SEGGER_SYSVIEW_Stop	16	static
SEGGER_SYSVIEW.c:1882:6:SEGGER_SYSVIEW_GetSysDesc	56	static
SEGGER_SYSVIEW.c:1912:6:SEGGER_SYSVIEW_SendTaskInfo	80	static
SEGGER_SYSVIEW.c:1940:6:SEGGER_SYSVIEW_SendTaskList	8	static
SEGGER_SYSVIEW.c:1967:6:SEGGER_SYSVIEW_SendSysDesc	32	static
SEGGER_SYSVIEW.c:1986:6:SEGGER_SYSVIEW_RecordSystime	24	static
SEGGER_SYSVIEW.c:2012:6:SEGGER_SYSVIEW_RecordEnterISR	32	static
SEGGER_SYSVIEW.c:2040:6:SEGGER_SYSVIEW_RecordExitISR	16	static
SEGGER_SYSVIEW.c:2063:6:SEGGER_SYSVIEW_RecordExitISRToScheduler	16	static
SEGGER_SYSVIEW.c:2082:6:SEGGER_SYSVIEW_RecordEnterTimer	40	static
SEGGER_SYSVIEW.c:2101:6:SEGGER_SYSVIEW_RecordExitTimer	16	static
SEGGER_SYSVIEW.c:2120:6:SEGGER_SYSVIEW_RecordEndCall	40	static
SEGGER_SYSVIEW.c:2143:6:SEGGER_SYSVIEW_RecordEndCallU32	48	static
SEGGER_SYSVIEW.c:2163:6:SEGGER_SYSVIEW_OnIdle	16	static
SEGGER_SYSVIEW.c:2183:6:SEGGER_SYSVIEW_OnTaskCreate	40	static
SEGGER_SYSVIEW.c:2209:6:SEGGER_SYSVIEW_OnTaskTerminate	40	static
SEGGER_SYSVIEW.c:2234:6:SEGGER_SYSVIEW_OnTaskStartExec	40	static
SEGGER_SYSVIEW.c:2255:6:SEGGER_SYSVIEW_OnTaskStopExec	16	static
SEGGER_SYSVIEW.c:2274:6:SEGGER_SYSVIEW_OnTaskStartReady	40	static
SEGGER_SYSVIEW.c:2298:6:SEGGER_SYSVIEW_OnTaskStopReady	48	static
SEGGER_SYSVIEW.c:2322:6:SEGGER_SYSVIEW_OnUserStart	40	static
SEGGER_SYSVIEW.c:2344:6:SEGGER_SYSVIEW_OnUserStop	40	static
SEGGER_SYSVIEW.c:2367:6:SEGGER_SYSVIEW_NameResource	40	static
SEGGER_SYSVIEW.c:2397:5:SEGGER_SYSVIEW_SendPacket	32	static
SEGGER_SYSVIEW.c:2425:5:SEGGER_SYSVIEW_EncodeU32	24	static
SEGGER_SYSVIEW.c:2453:5:SEGGER_SYSVIEW_EncodeString	24	static
SEGGER_SYSVIEW.c:2480:5:SEGGER_SYSVIEW_EncodeData	24	static
SEGGER_SYSVIEW.c:2509:5:SEGGER_SYSVIEW_EncodeId	24	static
SEGGER_SYSVIEW.c:2538:5:SEGGER_SYSVIEW_ShrinkId	16	static
SEGGER_SYSVIEW.c:2562:6:SEGGER_SYSVIEW_RegisterModule	24	static
SEGGER_SYSVIEW.c:2608:6:SEGGER_SYSVIEW_RecordModuleDescription	56	static
SEGGER_SYSVIEW.c:2652:6:SEGGER_SYSVIEW_SendModule	56	static
SEGGER_SYSVIEW.c:2696:6:SEGGER_SYSVIEW_SendModuleDescription	16	static
SEGGER_SYSVIEW.c:2721:6:SEGGER_SYSVIEW_SendNumModules	32	static
SEGGER_SYSVIEW.c:2749:6:SEGGER_SYSVIEW_PrintfHostEx	28	static
SEGGER_SYSVIEW.c:2771:6:SEGGER_SYSVIEW_PrintfHost	16	static
SEGGER_SYSVIEW.c:2794:6:SEGGER_SYSVIEW_WarnfHost	16	static
SEGGER_SYSVIEW.c:2817:6:SEGGER_SYSVIEW_ErrorfHost	16	static
SEGGER_SYSVIEW.c:2838:6:SEGGER_SYSVIEW_PrintfTargetEx	28	static
SEGGER_SYSVIEW.c:2858:6:SEGGER_SYSVIEW_PrintfTarget	16	static
SEGGER_SYSVIEW.c:2878:6:SEGGER_SYSVIEW_WarnfTarget	16	static
SEGGER_SYSVIEW.c:2898:6:SEGGER_SYSVIEW_ErrorfTarget	16	static
SEGGER_SYSVIEW.c:2918:6:SEGGER_SYSVIEW_Print	48	static
SEGGER_SYSVIEW.c:2941:6:SEGGER_SYSVIEW_Warn	48	static
SEGGER_SYSVIEW.c:2964:6:SEGGER_SYSVIEW_Error	48	static
SEGGER_SYSVIEW.c:2987:6:SEGGER_SYSVIEW_EnableEvents	16	static
SEGGER_SYSVIEW.c:3002:6:SEGGER_SYSVIEW_DisableEvents	16	static
