SEGGER_RTT.c:278:13:_DoInit	16	static
SEGGER_RTT.c:334:17:_WriteBlocking	40	static
SEGGER_RTT.c:392:13:_WriteNoCheck	40	static
SEGGER_RTT.c:434:13:_PostTerminalSwitch	24	static
SEGGER_RTT.c:457:17:_GetAvailWriteSpace	32	static
SEGGER_RTT.c:502:10:SEGGER_RTT_ReadNoLock	48	static
SEGGER_RTT.c:574:10:SEGGER_RTT_Read	32	static
SEGGER_RTT.c:614:6:SEGGER_RTT_WriteWithOverwriteNoLock	40	static
SEGGER_RTT.c:712:10:SEGGER_RTT_WriteSkipNoLock	56	static
SEGGER_RTT.c:834:10:SEGGER_RTT_WriteNoLock	40	static
SEGGER_RTT.c:910:10:SEGGER_RTT_Write	32	static
SEGGER_RTT.c:949:10:SEGGER_RTT_WriteString	24	static
SEGGER_RTT.c:972:5:SEGGER_RTT_GetKey	16	static
SEGGER_RTT.c:1004:5:SEGGER_RTT_WaitKey	16	static
SEGGER_RTT.c:1029:5:SEGGER_RTT_HasKey	16	static
SEGGER_RTT.c:1059:10:SEGGER_RTT_HasData	24	static
SEGGER_RTT.c:1088:5:SEGGER_RTT_AllocDownBuffer	32	static
SEGGER_RTT.c:1139:5:SEGGER_RTT_AllocUpBuffer	32	static
SEGGER_RTT.c:1191:5:SEGGER_RTT_ConfigUpBuffer	32	static
SEGGER_RTT.c:1239:5:SEGGER_RTT_ConfigDownBuffer	32	static
SEGGER_RTT.c:1283:5:SEGGER_RTT_SetNameUpBuffer	24	static
SEGGER_RTT.c:1318:5:SEGGER_RTT_SetNameDownBuffer	24	static
SEGGER_RTT.c:1346:6:SEGGER_RTT_Init	8	static
SEGGER_RTT.c:1366:5:SEGGER_RTT_SetTerminal	40	static
SEGGER_RTT.c:1427:5:SEGGER_RTT_TerminalOut	40	static
