NxpNci.c:31:13:NxpNci_CheckDevPres	24	static
NxpNci.c:67:13:NxpNci_WaitForReception	24	static
NxpNci.c:76:13:NxpNci_HostTransceive	24	static
NxpNci.c:88:13:NxpNci_FillInterfaceInfo	24	static
NxpNci.c:320:6:NxpNci_ReaderTagCmd	568	static
NxpNci.c:349:13:NxpNci_ReadNdef	808	static
NxpNci.c:397:13:NxpNci_WriteNdef	552	static
NxpNci.c:428:13:NxpNci_PresenceCheck	344	static
NxpNci.c:509:6:NxpNci_ProcessReaderMode	40	static
NxpNci.c:530:6:NxpNci_ReaderActivateNext	304	static
NxpNci.c:575:6:NxpNci_ReaderReActivate	304	static
NxpNci.c:596:6:NxpNci_Connect	288	static
NxpNci.c:628:6:NxpNci_GetFwVersion	16	static
NxpNci.c:635:6:NxpNci_Disconnect	8	static
NxpNci.c:643:6:NxpNci_ConfigureSettings	392	static
NxpNci.c:771:6:NxpNci_ConfigureMode	576	static
NxpNci.c:903:6:NxpNci_ConfigureParams	288	static
NxpNci.c:914:6:NxpNci_StartDiscovery	288	static
NxpNci.c:937:6:NxpNci_StopDiscovery	288	static
NxpNci.c:949:6:NxpNci_WaitForDiscoveryNotification	296	static
